
Discarded input sections

 .text          0x00000000        0x0 ./main.o (symbol from plugin)
 .text          0x00000000        0x0 C:\Users\david\AppData\Local\Temp\cc6fqFMj.ltrans0.ltrans.o
 .data          0x00000000        0x0 C:\Users\david\AppData\Local\Temp\cc6fqFMj.ltrans0.ltrans.o
 .bss           0x00000000        0x0 C:\Users\david\AppData\Local\Temp\cc6fqFMj.ltrans0.ltrans.o
 .text          0x00000000        0x0 ./startup.o (symbol from plugin)

Memory Configuration

Name             Origin             Length             Attributes
FLASH            0x08000000         0x00010000         xr
RAM              0x20000000         0x00005000         xrw
*default*        0x00000000         0xffffffff

Linker script and memory map

LOAD ./main.o
LOAD C:\Users\david\AppData\Local\Temp\cc6fqFMj.ltrans0.ltrans.o
LOAD ./startup.o
                0x00000400                STACK_SIZE = 0x400
                0x20005000                _estack = (ORIGIN (RAM) + LENGTH (RAM))
                0x20004c00                _sstack = (_estack - STACK_SIZE)

.text           0x08000000      0x424
 FILL mask 0xff
                0x00000000                _isr_vectors_offs = (. - 0x8000000)
 *(.isr_vector)
 .isr_vector    0x08000000      0x130 C:\Users\david\AppData\Local\Temp\cc6fqFMj.ltrans0.ltrans.o
                0x08000130                . = ALIGN (0x4)
 *(.text)
 *(.text.*)
 .text.NVIC_EnableIRQ
                0x08000130       0x30 C:\Users\david\AppData\Local\Temp\cc6fqFMj.ltrans0.ltrans.o
 .text.main     0x08000160       0xdc C:\Users\david\AppData\Local\Temp\cc6fqFMj.ltrans0.ltrans.o
 .text.wait     0x0800023c       0x1e C:\Users\david\AppData\Local\Temp\cc6fqFMj.ltrans0.ltrans.o
 *fill*         0x0800025a        0x2 ff
 .text.ADC1_2_IRQHandler
                0x0800025c       0x28 C:\Users\david\AppData\Local\Temp\cc6fqFMj.ltrans0.ltrans.o
 .text.USART1_IRQHandler
                0x08000284       0x64 C:\Users\david\AppData\Local\Temp\cc6fqFMj.ltrans0.ltrans.o
 .text.Reset_Handler
                0x080002e8      0x130 C:\Users\david\AppData\Local\Temp\cc6fqFMj.ltrans0.ltrans.o
 .text.Default_Handler
                0x08000418        0x6 C:\Users\david\AppData\Local\Temp\cc6fqFMj.ltrans0.ltrans.o
 *(.rodata)
 *(.fini)
 *(.rodata*)
 *fill*         0x0800041e        0x2 ff
 .rodata.messages
                0x08000420        0x3 C:\Users\david\AppData\Local\Temp\cc6fqFMj.ltrans0.ltrans.o
 *(.glue_7)
 .glue_7        0x08000423        0x0 linker stubs
 *(.glue_7t)
 .glue_7t       0x08000423        0x0 linker stubs
                0x08000424                . = ALIGN (0x4)
 *fill*         0x08000423        0x1 ff
                0x08000424                _etext = .
                0x08000424                _sidata = _etext

.vfp11_veneer   0x08000424        0x0
 .vfp11_veneer  0x08000424        0x0 linker stubs

.v4_bx          0x08000424        0x0
 .v4_bx         0x08000424        0x0 linker stubs

.iplt           0x08000424        0x0
 .iplt          0x08000424        0x0 C:\Users\david\AppData\Local\Temp\cc6fqFMj.ltrans0.ltrans.o

.rel.dyn        0x08000424        0x0
 .rel.iplt      0x08000424        0x0 C:\Users\david\AppData\Local\Temp\cc6fqFMj.ltrans0.ltrans.o

.data           0x20000000        0x0 load address 0x08000424
 FILL mask 0xff
                0x20000000                . = ALIGN (0x4)
                0x20000000                _sdata = .
 *(.data)
 *(.data.*)
                0x20000000                . = ALIGN (0x4)
                0x20000000                _edata = .

.igot.plt       0x20000000        0x0 load address 0x08000424
 .igot.plt      0x20000000        0x0 C:\Users\david\AppData\Local\Temp\cc6fqFMj.ltrans0.ltrans.o

.bss            0x20000000      0x7d0 load address 0x08000424
                0x20000000                . = ALIGN (0x4)
                0x20000000                _sbss = .
 *(.bss)
 *(.bss.*)
 .bss.samples   0x20000000      0x7d0 C:\Users\david\AppData\Local\Temp\cc6fqFMj.ltrans0.ltrans.o
 *(COMMON)
                0x200007d0                . = ALIGN (0x4)
                0x200007d0                _ebss = .
                0x20004c00                . = _sstack

.stack          0x200007d0      0x400 load address 0x08000424
                0x20000bd0                . = (. + STACK_SIZE)
 *fill*         0x200007d0      0x400 
OUTPUT(oscilloscope.elf elf32-littlearm)

.comment        0x00000000       0x7f
 .comment       0x00000000       0x7f C:\Users\david\AppData\Local\Temp\cc6fqFMj.ltrans0.ltrans.o
                                 0x80 (size before relaxing)

.ARM.attributes
                0x00000000       0x31
 .ARM.attributes
                0x00000000       0x31 C:\Users\david\AppData\Local\Temp\cc6fqFMj.ltrans0.ltrans.o
